mode: set
pipedream/src/helpers/custom_filepath/file_helper.go:7.65,8.26 1 1
pipedream/src/helpers/custom_filepath/file_helper.go:11.2,11.43 1 1
pipedream/src/helpers/custom_filepath/file_helper.go:8.26,10.3 1 1
pipedream/src/helpers/custom_io/bell_skipper.go:9.61,11.2 1 0
pipedream/src/helpers/custom_io/bell_skipper.go:13.58,15.37 2 0
pipedream/src/helpers/custom_io/bell_skipper.go:18.2,18.36 1 0
pipedream/src/helpers/custom_io/bell_skipper.go:15.37,17.3 1 0
pipedream/src/helpers/custom_io/bell_skipper.go:21.43,23.2 1 0
pipedream/src/helpers/custom_io/continuous_reader.go:7.54,11.2 1 1
pipedream/src/helpers/custom_io/continuous_reader.go:17.60,19.19 2 1
pipedream/src/helpers/custom_io/continuous_reader.go:22.2,22.15 1 1
pipedream/src/helpers/custom_io/continuous_reader.go:19.19,21.3 1 1
pipedream/src/helpers/custom_io/duplicate_reader.go:7.90,11.12 4 1
pipedream/src/helpers/custom_io/duplicate_reader.go:22.2,22.34 1 1
pipedream/src/helpers/custom_io/duplicate_reader.go:11.12,13.17 2 1
pipedream/src/helpers/custom_io/duplicate_reader.go:13.17,17.4 3 1
pipedream/src/helpers/custom_io/duplicate_reader.go:17.9,20.4 2 1
pipedream/src/helpers/custom_math/min_max_int.go:3.31,4.11 1 1
pipedream/src/helpers/custom_math/min_max_int.go:7.2,7.10 1 1
pipedream/src/helpers/custom_math/min_max_int.go:4.11,6.3 1 1
pipedream/src/helpers/custom_math/min_max_int.go:10.31,11.11 1 1
pipedream/src/helpers/custom_math/min_max_int.go:14.2,14.10 1 1
pipedream/src/helpers/custom_math/min_max_int.go:11.11,13.3 1 1
pipedream/src/helpers/custom_evaluate/expression_evaluator.go:8.51,10.16 2 1
pipedream/src/helpers/custom_evaluate/expression_evaluator.go:15.2,16.16 2 1
pipedream/src/helpers/custom_evaluate/expression_evaluator.go:20.2,21.9 2 1
pipedream/src/helpers/custom_evaluate/expression_evaluator.go:25.2,25.30 1 1
pipedream/src/helpers/custom_evaluate/expression_evaluator.go:10.16,12.3 1 1
pipedream/src/helpers/custom_evaluate/expression_evaluator.go:16.16,18.3 1 1
pipedream/src/helpers/custom_evaluate/expression_evaluator.go:21.9,23.3 1 1
pipedream/src/helpers/custom_strings/string_formatter.go:9.51,10.22 1 1
pipedream/src/helpers/custom_strings/string_formatter.go:13.2,15.86 3 1
pipedream/src/helpers/custom_strings/string_formatter.go:10.22,12.3 1 1
pipedream/src/helpers/custom_strings/string_formatter.go:18.54,26.2 7 1
pipedream/src/helpers/custom_strings/quoter.go:8.56,9.19 1 1
pipedream/src/helpers/custom_strings/quoter.go:10.16,11.71 1 1
pipedream/src/helpers/custom_strings/quoter.go:12.14,13.15 1 1
pipedream/src/helpers/custom_strings/quoter.go:14.10,15.73 1 1
pipedream/src/helpers/string_map/map.go:10.44,11.21 1 1
pipedream/src/helpers/string_map/map.go:14.2,15.51 2 1
pipedream/src/helpers/string_map/map.go:18.2,18.15 1 1
pipedream/src/helpers/string_map/map.go:11.21,13.3 1 1
pipedream/src/helpers/string_map/map.go:15.51,17.3 1 1
pipedream/src/helpers/string_map/map.go:21.47,22.18 1 1
pipedream/src/helpers/string_map/map.go:25.2,25.36 1 1
pipedream/src/helpers/string_map/map.go:22.18,24.3 1 1
pipedream/src/helpers/string_map/map.go:26.17,28.47 2 1
pipedream/src/helpers/string_map/map.go:31.3,31.16 1 1
pipedream/src/helpers/string_map/map.go:32.21,34.39 2 1
pipedream/src/helpers/string_map/map.go:37.3,37.16 1 1
pipedream/src/helpers/string_map/map.go:38.35,40.47 2 0
pipedream/src/helpers/string_map/map.go:43.3,43.16 1 0
pipedream/src/helpers/string_map/map.go:44.10,45.15 1 1
pipedream/src/helpers/string_map/map.go:28.47,30.4 1 1
pipedream/src/helpers/string_map/map.go:34.39,36.4 1 1
pipedream/src/helpers/string_map/map.go:40.47,42.4 1 0
pipedream/src/helpers/string_map/map.go:54.64,55.39 1 1
pipedream/src/helpers/string_map/map.go:58.2,59.51 2 1
pipedream/src/helpers/string_map/map.go:83.2,83.22 1 1
pipedream/src/helpers/string_map/map.go:86.2,86.31 1 1
pipedream/src/helpers/string_map/map.go:55.39,57.3 1 1
pipedream/src/helpers/string_map/map.go:59.51,61.24 2 1
pipedream/src/helpers/string_map/map.go:61.24,64.32 3 1
pipedream/src/helpers/string_map/map.go:64.32,65.33 1 1
pipedream/src/helpers/string_map/map.go:65.33,67.6 1 1
pipedream/src/helpers/string_map/map.go:67.11,69.6 1 1
pipedream/src/helpers/string_map/map.go:70.10,71.33 1 1
pipedream/src/helpers/string_map/map.go:71.33,73.6 1 1
pipedream/src/helpers/string_map/map.go:79.9,81.4 1 1
pipedream/src/helpers/string_map/map.go:83.22,85.3 1 1
pipedream/src/helpers/string_map/map.go:89.93,92.23 3 1
pipedream/src/helpers/string_map/map.go:92.23,93.27 1 1
pipedream/src/helpers/string_map/map.go:93.27,95.4 1 1
pipedream/src/helpers/string_map/map.go:95.9,97.21 2 1
pipedream/src/helpers/string_map/map.go:97.21,99.5 1 1
pipedream/src/helpers/string_map/map.go:99.10,101.5 1 1
pipedream/src/helpers/string_map/map.go:103.8,105.3 1 1
pipedream/src/helpers/string_map/map.go:108.97,111.20 3 1
pipedream/src/helpers/string_map/map.go:115.2,115.26 1 1
pipedream/src/helpers/string_map/map.go:111.20,114.3 2 1
pipedream/src/helpers/string_map/map.go:115.26,118.3 2 1
pipedream/src/helpers/string_map/map.go:118.8,120.20 2 1
pipedream/src/helpers/string_map/map.go:120.20,122.4 1 1
pipedream/src/helpers/string_map/map.go:122.9,124.4 1 1
pipedream/src/logging/log_fields/log_fields.go:10.49,11.49 1 1
pipedream/src/logging/log_fields/log_fields.go:11.49,13.3 1 1
pipedream/src/logging/log_fields/log_fields.go:16.43,17.49 1 1
pipedream/src/logging/log_fields/log_fields.go:17.49,19.3 1 1
pipedream/src/logging/log_fields/log_fields.go:22.42,23.49 1 1
pipedream/src/logging/log_fields/log_fields.go:23.49,25.3 1 1
pipedream/src/logging/log_fields/log_fields.go:28.40,29.49 1 1
pipedream/src/logging/log_fields/log_fields.go:29.49,31.3 1 1
pipedream/src/logging/log_fields/log_fields.go:34.55,35.49 1 1
pipedream/src/logging/log_fields/log_fields.go:35.49,37.3 1 1
pipedream/src/logging/log_fields/log_fields.go:40.49,41.49 1 1
pipedream/src/logging/log_fields/log_fields.go:41.49,43.3 1 1
pipedream/src/logging/log_fields/log_fields.go:46.49,47.49 1 1
pipedream/src/logging/log_fields/log_fields.go:47.49,49.3 1 1
pipedream/src/logging/log_fields/log_fields.go:52.73,59.2 1 1
pipedream/src/logging/log_fields/log_fields.go:61.61,63.35 2 1
pipedream/src/logging/log_fields/log_fields.go:66.2,66.14 1 1
pipedream/src/logging/log_fields/log_fields.go:63.35,65.3 1 1
pipedream/src/middleware/catch/catch.go:15.42,17.2 1 1
pipedream/src/middleware/catch/catch.go:19.43,21.2 1 1
pipedream/src/middleware/catch/catch.go:27.3,31.21 3 1
pipedream/src/middleware/catch/catch.go:31.21,37.63 4 1
pipedream/src/middleware/catch/catch.go:43.3,51.13 5 1
pipedream/src/middleware/catch/catch.go:37.63,40.9 3 1
pipedream/src/middleware/catch/catch.go:51.13,56.25 3 1
pipedream/src/middleware/catch/catch.go:56.25,61.66 1 1
pipedream/src/middleware/catch/catch.go:61.66,66.7 2 1
pipedream/src/middleware/catch/catch.go:67.69,76.17 5 1
pipedream/src/middleware/catch/catch.go:76.17,81.8 3 1
pipedream/src/middleware/catch/catch.go:83.10,87.5 2 1
pipedream/src/middleware/catch/catch.go:89.8,91.3 1 1
pipedream/src/middleware/dir/dir.go:16.40,18.2 1 1
pipedream/src/middleware/dir/dir.go:20.39,26.2 2 1
pipedream/src/middleware/dir/dir.go:32.3,36.23 3 1
pipedream/src/middleware/dir/dir.go:45.2,48.62 2 1
pipedream/src/middleware/dir/dir.go:36.23,43.3 2 1
pipedream/src/middleware/dir/dir.go:51.100,53.21 2 1
pipedream/src/middleware/dir/dir.go:53.21,55.17 2 1
pipedream/src/middleware/dir/dir.go:55.17,57.4 1 1
pipedream/src/middleware/catch_each/catch_each.go:16.46,18.2 1 1
pipedream/src/middleware/catch_each/catch_each.go:20.51,22.2 1 1
pipedream/src/middleware/catch_each/catch_each.go:28.3,32.20 3 1
pipedream/src/middleware/catch_each/catch_each.go:32.20,46.13 7 1
pipedream/src/middleware/catch_each/catch_each.go:46.13,48.23 2 1
pipedream/src/middleware/catch_each/catch_each.go:74.4,74.14 1 1
pipedream/src/middleware/catch_each/catch_each.go:48.23,53.66 2 1
pipedream/src/middleware/catch_each/catch_each.go:53.66,58.7 2 1
pipedream/src/middleware/catch_each/catch_each.go:59.69,68.17 5 1
pipedream/src/middleware/catch_each/catch_each.go:68.17,71.8 2 1
pipedream/src/middleware/catch_each/catch_each.go:74.14,79.5 3 1
pipedream/src/middleware/catch_each/catch_each.go:81.8,83.3 1 1
pipedream/src/middleware/docker/docker.go:14.43,16.2 1 1
pipedream/src/middleware/docker/docker.go:18.45,20.2 1 1
pipedream/src/middleware/docker/docker.go:26.3,32.30 3 1
pipedream/src/middleware/docker/docker.go:42.2,42.11 1 1
pipedream/src/middleware/docker/docker.go:32.30,40.3 2 1
pipedream/src/middleware/docker/docker.go:45.65,49.16 3 1
pipedream/src/middleware/docker/docker.go:49.16,51.28 2 1
pipedream/src/middleware/docker/docker.go:51.28,54.4 2 1
pipedream/src/middleware/env/env.go:23.52,25.2 1 1
pipedream/src/middleware/env/env.go:27.39,29.2 1 1
pipedream/src/middleware/env/env.go:34.17,39.2 1 1
pipedream/src/middleware/env/env.go:45.3,54.31 5 1
pipedream/src/middleware/env/env.go:68.2,68.41 1 1
pipedream/src/middleware/env/env.go:86.2,88.27 2 1
pipedream/src/middleware/env/env.go:55.14,57.42 2 1
pipedream/src/middleware/env/env.go:58.14,58.14 0 1
pipedream/src/middleware/env/env.go:59.10,61.65 2 1
pipedream/src/middleware/env/env.go:66.3,66.33 1 1
pipedream/src/middleware/env/env.go:61.65,62.101 1 1
pipedream/src/middleware/env/env.go:62.101,64.5 1 1
pipedream/src/middleware/env/env.go:69.9,69.9 0 1
pipedream/src/middleware/env/env.go:70.9,76.4 1 1
pipedream/src/middleware/env/env.go:77.10,83.4 1 1
pipedream/src/middleware/env/env.go:88.27,94.13 3 1
pipedream/src/middleware/env/env.go:100.3,105.4 1 1
pipedream/src/middleware/env/env.go:94.13,99.4 4 1
pipedream/src/middleware/env/env.go:114.65,119.2 1 1
pipedream/src/middleware/env/env.go:121.73,123.21 2 1
pipedream/src/middleware/env/env.go:126.2,126.15 1 1
pipedream/src/middleware/env/env.go:123.21,125.3 1 1
pipedream/src/middleware/inherit/inherit.go:13.44,15.2 1 1
pipedream/src/middleware/inherit/inherit.go:17.47,19.2 1 1
pipedream/src/middleware/inherit/inherit.go:25.3,29.23 3 1
pipedream/src/middleware/inherit/inherit.go:50.2,50.11 1 1
pipedream/src/middleware/inherit/inherit.go:29.23,33.47 4 1
pipedream/src/middleware/inherit/inherit.go:41.3,41.29 1 1
pipedream/src/middleware/inherit/inherit.go:33.47,36.45 3 1
pipedream/src/middleware/inherit/inherit.go:36.45,39.5 2 1
pipedream/src/middleware/inherit/inherit.go:41.29,48.4 1 1
pipedream/src/middleware/each/each.go:17.41,19.2 1 1
pipedream/src/middleware/each/each.go:21.41,23.2 1 1
pipedream/src/middleware/each/each.go:29.3,36.18 5 1
pipedream/src/middleware/each/each.go:36.18,39.44 3 1
pipedream/src/middleware/each/each.go:46.3,47.47 2 1
pipedream/src/middleware/each/each.go:54.3,61.22 3 1
pipedream/src/middleware/each/each.go:75.3,75.56 1 1
pipedream/src/middleware/each/each.go:39.44,40.70 1 1
pipedream/src/middleware/each/each.go:40.70,43.5 2 1
pipedream/src/middleware/each/each.go:47.47,48.25 1 1
pipedream/src/middleware/each/each.go:48.25,50.5 1 1
pipedream/src/middleware/each/each.go:50.10,52.5 1 1
pipedream/src/middleware/each/each.go:61.22,64.38 3 0
pipedream/src/middleware/each/each.go:64.38,66.5 1 0
pipedream/src/middleware/each/each.go:67.9,68.38 1 1
pipedream/src/middleware/each/each.go:71.4,71.14 1 1
pipedream/src/middleware/each/each.go:68.38,70.5 1 1
pipedream/src/middleware/each/each.go:71.14,73.5 1 1
pipedream/src/middleware/each/each.go:75.56,82.65 3 1
pipedream/src/middleware/each/each.go:100.4,100.23 1 1
pipedream/src/middleware/each/each.go:82.65,87.6 2 1
pipedream/src/middleware/each/each.go:88.68,89.26 1 1
pipedream/src/middleware/each/each.go:89.26,98.7 4 1
pipedream/src/middleware/each/each.go:100.23,104.5 3 0
pipedream/src/middleware/interpolate/interpolate.go:28.68,30.2 1 1
pipedream/src/middleware/interpolate/interpolate.go:32.55,34.2 1 1
pipedream/src/middleware/interpolate/interpolate.go:40.3,49.22 3 1
pipedream/src/middleware/interpolate/interpolate.go:167.2,167.11 1 1
pipedream/src/middleware/interpolate/interpolate.go:49.22,55.37 4 1
pipedream/src/middleware/interpolate/interpolate.go:127.3,128.42 2 1
pipedream/src/middleware/interpolate/interpolate.go:55.37,59.67 1 1
pipedream/src/middleware/interpolate/interpolate.go:75.4,90.14 8 1
pipedream/src/middleware/interpolate/interpolate.go:124.4,124.10 1 1
pipedream/src/middleware/interpolate/interpolate.go:59.67,60.34 1 1
pipedream/src/middleware/interpolate/interpolate.go:60.34,67.6 1 1
pipedream/src/middleware/interpolate/interpolate.go:68.10,74.5 1 1
pipedream/src/middleware/interpolate/interpolate.go:90.14,99.66 4 1
pipedream/src/middleware/interpolate/interpolate.go:99.66,106.7 4 1
pipedream/src/middleware/interpolate/interpolate.go:107.69,116.17 5 1
pipedream/src/middleware/interpolate/interpolate.go:116.17,121.8 3 1
pipedream/src/middleware/interpolate/interpolate.go:128.42,141.65 5 1
pipedream/src/middleware/interpolate/interpolate.go:163.4,163.10 1 1
pipedream/src/middleware/interpolate/interpolate.go:141.65,146.6 2 1
pipedream/src/middleware/interpolate/interpolate.go:147.68,156.16 5 1
pipedream/src/middleware/interpolate/interpolate.go:156.16,161.7 3 1
pipedream/src/middleware/interpolate/interpolate.go:184.17,195.2 2 1
pipedream/src/middleware/interpolate/interpolate.go:200.17,202.2 1 1
pipedream/src/middleware/interpolate/interpolate.go:204.73,213.21 3 1
pipedream/src/middleware/interpolate/interpolate.go:226.2,226.15 1 1
pipedream/src/middleware/interpolate/interpolate.go:213.21,216.17 3 1
pipedream/src/middleware/interpolate/interpolate.go:220.3,220.59 1 1
pipedream/src/middleware/interpolate/interpolate.go:223.3,223.54 1 1
pipedream/src/middleware/interpolate/interpolate.go:216.17,218.9 2 1
pipedream/src/middleware/interpolate/interpolate.go:220.59,221.9 1 1
pipedream/src/middleware/interpolate/interpolate.go:229.73,230.36 1 1
pipedream/src/middleware/interpolate/interpolate.go:238.2,238.14 1 1
pipedream/src/middleware/interpolate/interpolate.go:230.36,232.40 2 1
pipedream/src/middleware/interpolate/interpolate.go:232.40,236.4 3 1
pipedream/src/middleware/interpolate/interpolate.go:241.86,247.32 3 1
pipedream/src/middleware/interpolate/interpolate.go:261.2,263.32 3 1
pipedream/src/middleware/interpolate/interpolate.go:302.2,302.19 1 1
pipedream/src/middleware/interpolate/interpolate.go:247.32,252.38 4 1
pipedream/src/middleware/interpolate/interpolate.go:257.3,258.59 2 1
pipedream/src/middleware/interpolate/interpolate.go:252.38,254.4 1 1
pipedream/src/middleware/interpolate/interpolate.go:254.9,256.4 1 1
pipedream/src/middleware/interpolate/interpolate.go:263.32,266.45 3 1
pipedream/src/middleware/interpolate/interpolate.go:266.45,267.22 1 1
pipedream/src/middleware/interpolate/interpolate.go:267.22,271.5 1 1
pipedream/src/middleware/interpolate/interpolate.go:271.10,276.5 2 1
pipedream/src/middleware/interpolate/interpolate.go:277.9,278.50 1 1
pipedream/src/middleware/interpolate/interpolate.go:279.16,281.66 2 1
pipedream/src/middleware/interpolate/interpolate.go:282.23,284.50 2 1
pipedream/src/middleware/interpolate/interpolate.go:290.5,292.67 3 1
pipedream/src/middleware/interpolate/interpolate.go:293.13,296.67 3 1
pipedream/src/middleware/interpolate/interpolate.go:297.12,298.102 1 1
pipedream/src/middleware/interpolate/interpolate.go:284.50,286.12 2 1
pipedream/src/middleware/interpolate/interpolate.go:286.12,288.7 1 1
pipedream/src/middleware/interpolate/interpolate.go:305.118,306.65 1 1
pipedream/src/middleware/interpolate/interpolate.go:306.65,307.55 1 1
pipedream/src/middleware/interpolate/interpolate.go:307.55,314.4 1 1
pipedream/src/middleware/interpolate/interpolate.go:315.8,316.42 1 1
pipedream/src/middleware/interpolate/interpolate.go:317.10,317.10 0 1
pipedream/src/middleware/interpolate/interpolate.go:318.10,324.5 1 1
pipedream/src/middleware/interpolate/interpolate.go:325.11,331.5 1 1
pipedream/src/middleware/interpolate/interpolate.go:336.84,337.32 1 1
pipedream/src/middleware/interpolate/interpolate.go:338.13,339.86 1 0
pipedream/src/middleware/interpolate/interpolate.go:340.16,341.52 1 0
pipedream/src/middleware/interpolate/interpolate.go:342.16,343.51 1 0
pipedream/src/middleware/interpolate/interpolate.go:344.10,345.17 1 1
pipedream/src/middleware/middleware_stack/middleware_stack.go:24.48,44.2 1 1
pipedream/src/middleware/pipe/pipe.go:17.54,19.2 1 1
pipedream/src/middleware/pipe/pipe.go:21.41,23.2 1 1
pipedream/src/middleware/pipe/pipe.go:29.3,34.18 4 1
pipedream/src/middleware/pipe/pipe.go:34.18,37.44 3 1
pipedream/src/middleware/pipe/pipe.go:44.3,45.52 2 1
pipedream/src/middleware/pipe/pipe.go:53.3,53.20 1 1
pipedream/src/middleware/pipe/pipe.go:75.3,76.22 2 1
pipedream/src/middleware/pipe/pipe.go:86.3,87.56 2 1
pipedream/src/middleware/pipe/pipe.go:116.3,119.39 2 1
pipedream/src/middleware/pipe/pipe.go:37.44,38.70 1 1
pipedream/src/middleware/pipe/pipe.go:38.70,41.5 2 1
pipedream/src/middleware/pipe/pipe.go:45.52,46.30 1 1
pipedream/src/middleware/pipe/pipe.go:46.30,48.5 1 1
pipedream/src/middleware/pipe/pipe.go:48.10,50.5 1 1
pipedream/src/middleware/pipe/pipe.go:54.10,61.10 3 1
pipedream/src/middleware/pipe/pipe.go:62.10,67.5 1 1
pipedream/src/middleware/pipe/pipe.go:68.11,73.5 1 1
pipedream/src/middleware/pipe/pipe.go:76.22,80.4 3 0
pipedream/src/middleware/pipe/pipe.go:80.9,82.14 2 1
pipedream/src/middleware/pipe/pipe.go:82.14,84.5 1 1
pipedream/src/middleware/pipe/pipe.go:87.56,94.65 3 1
pipedream/src/middleware/pipe/pipe.go:108.4,109.23 2 1
pipedream/src/middleware/pipe/pipe.go:94.65,99.6 2 1
pipedream/src/middleware/pipe/pipe.go:100.68,107.6 2 1
pipedream/src/middleware/pipe/pipe.go:109.23,114.5 4 0
pipedream/src/middleware/pipe/pipe.go:120.8,122.3 1 1
pipedream/src/middleware/save/save.go:16.54,18.2 1 1
pipedream/src/middleware/save/save.go:20.41,22.2 1 1
pipedream/src/middleware/save/save.go:24.94,28.2 1 1
pipedream/src/middleware/save/save.go:34.3,40.23 4 1
pipedream/src/middleware/save/save.go:40.23,48.13 3 1
pipedream/src/middleware/save/save.go:48.13,58.4 4 1
pipedream/src/middleware/shell/shell.go:27.56,29.2 1 1
pipedream/src/middleware/shell/shell.go:31.43,32.70 1 1
pipedream/src/middleware/shell/shell.go:32.70,32.108 1 1
pipedream/src/middleware/shell/shell.go:35.100,42.2 1 1
pipedream/src/middleware/shell/shell.go:55.61,64.2 1 1
pipedream/src/middleware/shell/shell.go:70.3,74.26 3 1
pipedream/src/middleware/shell/shell.go:74.26,76.3 1 1
pipedream/src/middleware/shell/shell.go:76.8,78.17 2 1
pipedream/src/middleware/shell/shell.go:90.3,90.27 1 1
pipedream/src/middleware/shell/shell.go:97.3,102.22 4 1
pipedream/src/middleware/shell/shell.go:105.3,111.28 5 1
pipedream/src/middleware/shell/shell.go:146.3,153.22 2 1
pipedream/src/middleware/shell/shell.go:166.3,166.34 1 1
pipedream/src/middleware/shell/shell.go:175.3,175.74 1 1
pipedream/src/middleware/shell/shell.go:182.3,183.13 2 1
pipedream/src/middleware/shell/shell.go:78.17,84.4 2 1
pipedream/src/middleware/shell/shell.go:84.9,85.38 1 1
pipedream/src/middleware/shell/shell.go:85.38,87.5 1 1
pipedream/src/middleware/shell/shell.go:90.27,92.4 1 1
pipedream/src/middleware/shell/shell.go:102.22,104.4 1 1
pipedream/src/middleware/shell/shell.go:111.28,118.14 3 0
pipedream/src/middleware/shell/shell.go:121.4,121.14 1 0
pipedream/src/middleware/shell/shell.go:129.4,137.57 6 0
pipedream/src/middleware/shell/shell.go:118.14,120.5 1 0
pipedream/src/middleware/shell/shell.go:121.14,125.5 2 0
pipedream/src/middleware/shell/shell.go:138.9,139.24 1 1
pipedream/src/middleware/shell/shell.go:142.4,143.46 2 1
pipedream/src/middleware/shell/shell.go:139.24,141.5 1 1
pipedream/src/middleware/shell/shell.go:153.22,154.14 1 0
pipedream/src/middleware/shell/shell.go:154.14,156.15 2 0
pipedream/src/middleware/shell/shell.go:160.5,160.44 1 0
pipedream/src/middleware/shell/shell.go:156.15,159.6 2 0
pipedream/src/middleware/shell/shell.go:162.9,164.4 1 1
pipedream/src/middleware/shell/shell.go:166.34,173.4 2 1
pipedream/src/middleware/shell/shell.go:175.74,176.14 1 1
pipedream/src/middleware/shell/shell.go:176.14,179.5 2 1
pipedream/src/middleware/shell/shell.go:183.13,188.18 5 1
pipedream/src/middleware/shell/shell.go:200.4,200.34 1 1
pipedream/src/middleware/shell/shell.go:188.18,189.49 1 1
pipedream/src/middleware/shell/shell.go:189.49,193.6 3 1
pipedream/src/middleware/shell/shell.go:193.11,195.6 1 1
pipedream/src/middleware/shell/shell.go:196.10,199.5 2 1
pipedream/src/middleware/shell/shell.go:205.86,207.50 2 1
pipedream/src/middleware/shell/shell.go:217.2,217.33 1 1
pipedream/src/middleware/shell/shell.go:207.50,208.47 1 1
pipedream/src/middleware/shell/shell.go:209.15,210.68 1 1
pipedream/src/middleware/shell/shell.go:211.31,212.117 1 1
pipedream/src/middleware/shell/shell.go:213.11,214.146 1 1
pipedream/src/middleware/shell/shell.go:220.88,222.49 2 1
pipedream/src/middleware/shell/shell.go:244.2,245.22 2 1
pipedream/src/middleware/shell/shell.go:222.49,223.100 1 1
pipedream/src/middleware/shell/shell.go:223.100,224.43 1 1
pipedream/src/middleware/shell/shell.go:224.43,226.5 1 1
pipedream/src/middleware/shell/shell.go:226.10,226.36 1 1
pipedream/src/middleware/shell/shell.go:226.36,228.5 1 1
pipedream/src/middleware/shell/shell.go:228.10,230.5 1 1
pipedream/src/middleware/shell/shell.go:231.9,231.99 1 1
pipedream/src/middleware/shell/shell.go:231.99,232.27 1 1
pipedream/src/middleware/shell/shell.go:232.27,233.44 1 1
pipedream/src/middleware/shell/shell.go:233.44,235.6 1 1
pipedream/src/middleware/shell/shell.go:235.11,235.37 1 1
pipedream/src/middleware/shell/shell.go:235.37,237.6 1 1
pipedream/src/middleware/shell/shell.go:237.11,239.6 1 1
pipedream/src/middleware/shell/shell.go:265.58,270.2 1 1
pipedream/src/middleware/shell/shell.go:272.74,275.2 2 1
pipedream/src/middleware/shell/shell.go:277.55,279.2 1 1
pipedream/src/middleware/shell/shell.go:281.67,284.2 2 1
pipedream/src/middleware/shell/shell.go:286.63,289.2 2 1
pipedream/src/middleware/shell/shell.go:291.63,294.2 2 1
pipedream/src/middleware/shell/shell.go:296.54,298.2 1 1
pipedream/src/middleware/shell/shell.go:300.54,302.2 1 1
pipedream/src/middleware/shell/shell.go:304.57,306.2 1 1
pipedream/src/middleware/ssh/ssh.go:14.52,16.2 1 1
pipedream/src/middleware/ssh/ssh.go:18.39,20.2 1 1
pipedream/src/middleware/ssh/ssh.go:26.3,32.27 3 1
pipedream/src/middleware/ssh/ssh.go:41.2,41.11 1 1
pipedream/src/middleware/ssh/ssh.go:32.27,39.3 2 1
pipedream/src/middleware/ssh/ssh.go:44.65,48.16 3 1
pipedream/src/middleware/ssh/ssh.go:48.16,50.26 2 1
pipedream/src/middleware/ssh/ssh.go:50.26,53.4 2 1
pipedream/src/middleware/sync/sync.go:18.54,20.2 1 1
pipedream/src/middleware/sync/sync.go:22.41,24.2 1 1
pipedream/src/middleware/sync/sync.go:30.3,37.18 5 1
pipedream/src/middleware/sync/sync.go:37.18,40.44 3 1
pipedream/src/middleware/sync/sync.go:47.3,48.52 2 1
pipedream/src/middleware/sync/sync.go:56.3,56.20 1 1
pipedream/src/middleware/sync/sync.go:71.3,73.125 3 1
pipedream/src/middleware/sync/sync.go:40.44,41.70 1 1
pipedream/src/middleware/sync/sync.go:41.70,44.5 2 1
pipedream/src/middleware/sync/sync.go:48.52,49.30 1 1
pipedream/src/middleware/sync/sync.go:49.30,51.5 1 1
pipedream/src/middleware/sync/sync.go:51.10,53.5 1 1
pipedream/src/middleware/sync/sync.go:57.10,62.5 1 1
pipedream/src/middleware/sync/sync.go:63.11,68.5 1 1
pipedream/src/middleware/sync/sync.go:85.3,86.32 1 1
pipedream/src/middleware/sync/sync.go:93.2,98.63 2 1
pipedream/src/middleware/sync/sync.go:86.32,87.13 1 1
pipedream/src/middleware/sync/sync.go:91.3,91.9 1 1
pipedream/src/middleware/sync/sync.go:87.13,90.4 2 1
pipedream/src/middleware/sync/sync.go:98.63,100.4 1 1
pipedream/src/middleware/sync/sync.go:101.66,104.14 2 1
pipedream/src/middleware/sync/sync.go:104.14,108.5 3 1
pipedream/src/middleware/timer/timer.go:18.46,20.2 1 1
pipedream/src/middleware/timer/timer.go:22.71,24.2 1 1
pipedream/src/middleware/timer/timer.go:34.56,36.2 1 1
pipedream/src/middleware/timer/timer.go:38.43,40.2 1 1
pipedream/src/middleware/timer/timer.go:42.80,46.2 1 1
pipedream/src/middleware/timer/timer.go:52.3,58.22 3 1
pipedream/src/middleware/timer/timer.go:58.22,73.3 5 1
pipedream/src/middleware/timer/timer.go:73.8,75.3 1 1
pipedream/src/middleware/when/when.go:15.54,17.2 1 1
pipedream/src/middleware/when/when.go:19.41,21.2 1 1
pipedream/src/middleware/when/when.go:27.3,31.20 3 1
pipedream/src/middleware/when/when.go:36.2,37.16 2 1
pipedream/src/middleware/when/when.go:42.2,42.19 1 1
pipedream/src/middleware/when/when.go:31.20,34.3 2 1
pipedream/src/middleware/when/when.go:37.16,40.3 2 1
pipedream/src/middleware/when/when.go:42.19,50.3 2 1
pipedream/src/middleware/when/when.go:50.8,61.3 2 1
pipedream/src/models/data_stream.go:23.91,43.2 4 1
pipedream/src/models/data_stream.go:45.90,55.2 2 0
pipedream/src/models/data_stream.go:57.45,60.19 3 1
pipedream/src/models/data_stream.go:63.2,66.12 2 1
pipedream/src/models/data_stream.go:73.2,73.12 1 1
pipedream/src/models/data_stream.go:60.19,62.3 1 1
pipedream/src/models/data_stream.go:66.12,69.17 2 1
pipedream/src/models/data_stream.go:69.17,71.4 1 0
pipedream/src/models/data_stream.go:73.12,76.17 3 1
pipedream/src/models/data_stream.go:79.3,79.26 1 1
pipedream/src/models/data_stream.go:76.17,78.4 1 0
pipedream/src/models/data_stream.go:85.51,87.2 1 1
pipedream/src/models/data_stream.go:89.44,91.2 1 1
pipedream/src/models/data_stream.go:93.54,95.2 1 1
pipedream/src/models/data_stream.go:97.53,99.2 1 1
pipedream/src/models/data_stream.go:101.52,103.2 1 1
pipedream/src/models/data_stream.go:105.47,107.2 1 1
pipedream/src/models/data_stream_intercept.go:13.137,19.2 1 1
pipedream/src/models/data_stream_intercept.go:21.77,23.2 1 1
pipedream/src/models/data_stream_intercept.go:25.78,27.2 1 1
pipedream/src/models/data_stream_intercept.go:29.63,31.2 1 1
pipedream/src/models/data_stream_processing.go:11.62,12.19 1 0
pipedream/src/models/data_stream_processing.go:12.19,14.3 1 0
pipedream/src/models/data_stream_processing.go:14.8,18.3 3 0
pipedream/src/models/data_stream_processing.go:21.54,22.19 1 1
pipedream/src/models/data_stream_processing.go:22.19,25.3 2 1
pipedream/src/models/data_stream_processing.go:25.8,29.3 3 1
pipedream/src/models/data_stream_processing.go:32.68,33.19 1 1
pipedream/src/models/data_stream_processing.go:33.19,36.3 2 1
pipedream/src/models/data_stream_processing.go:36.8,41.3 4 1
pipedream/src/models/data_stream_processing.go:44.68,45.19 1 1
pipedream/src/models/data_stream_processing.go:45.19,47.3 1 1
pipedream/src/models/data_stream_processing.go:47.8,49.13 2 1
pipedream/src/models/data_stream_processing.go:49.13,52.18 3 1
pipedream/src/models/data_stream_processing.go:55.4,55.25 1 1
pipedream/src/models/data_stream_processing.go:52.18,54.5 1 1
pipedream/src/models/data_stream_processing.go:60.63,61.19 1 1
pipedream/src/models/data_stream_processing.go:61.19,63.3 1 1
pipedream/src/models/data_stream_processing.go:63.8,65.13 2 1
pipedream/src/models/data_stream_processing.go:71.3,71.13 1 1
pipedream/src/models/data_stream_processing.go:65.13,70.4 1 1
pipedream/src/models/data_stream_processing.go:71.13,73.18 2 1
pipedream/src/models/data_stream_processing.go:76.4,76.25 1 1
pipedream/src/models/data_stream_processing.go:73.18,75.5 1 1
pipedream/src/models/data_stream_processing.go:81.72,82.19 1 1
pipedream/src/models/data_stream_processing.go:82.19,84.3 1 1
pipedream/src/models/data_stream_processing.go:84.8,86.3 1 1
pipedream/src/models/data_stream_processing.go:89.66,90.19 1 1
pipedream/src/models/data_stream_processing.go:90.19,93.3 2 1
pipedream/src/models/data_stream_processing.go:93.8,97.3 3 1
pipedream/src/models/logger.go:41.81,74.2 13 1
pipedream/src/models/logger.go:76.84,84.2 2 0
pipedream/src/models/logger.go:86.88,95.2 2 0
pipedream/src/models/logger.go:97.42,100.19 3 1
pipedream/src/models/logger.go:103.2,106.12 2 1
pipedream/src/models/logger.go:100.19,102.3 1 1
pipedream/src/models/logger.go:106.12,108.46 2 1
pipedream/src/models/logger.go:122.3,122.26 1 1
pipedream/src/models/logger.go:108.46,116.51 3 1
pipedream/src/models/logger.go:120.4,120.70 1 1
pipedream/src/models/logger.go:116.51,119.5 1 1
pipedream/src/models/logger.go:126.48,128.2 1 1
pipedream/src/models/logger.go:130.41,132.2 1 1
pipedream/src/models/logger.go:134.51,136.2 1 1
pipedream/src/models/logger.go:138.51,140.32 2 1
pipedream/src/models/logger.go:143.2,143.30 1 1
pipedream/src/models/logger.go:146.2,146.39 1 1
pipedream/src/models/logger.go:140.32,142.3 1 1
pipedream/src/models/logger.go:143.30,145.3 1 1
pipedream/src/models/logger.go:149.63,151.2 1 1
pipedream/src/models/logger.go:153.55,155.2 1 1
pipedream/src/models/logger.go:157.67,164.2 3 1
pipedream/src/models/logger.go:166.71,170.2 3 0
pipedream/src/models/logger.go:172.59,173.16 1 1
pipedream/src/models/logger.go:176.2,176.19 1 1
pipedream/src/models/logger.go:173.16,175.3 1 1
pipedream/src/models/logger.go:179.94,180.16 1 1
pipedream/src/models/logger.go:183.2,183.50 1 1
pipedream/src/models/logger.go:180.16,182.3 1 1
pipedream/src/models/logger.go:186.99,193.35 4 0
pipedream/src/models/logger.go:196.2,197.57 2 0
pipedream/src/models/logger.go:193.35,195.3 1 0
pipedream/src/models/logger.go:200.87,207.35 4 1
pipedream/src/models/logger.go:210.2,212.33 3 1
pipedream/src/models/logger.go:207.35,209.3 1 1
pipedream/src/models/logger.go:212.33,213.35 1 0
pipedream/src/models/logger.go:213.35,215.4 1 0
pipedream/src/models/logger.go:215.9,217.4 1 0
pipedream/src/models/logger.go:221.85,226.2 4 1
pipedream/src/models/logger.go:228.60,232.2 3 1
pipedream/src/models/logger.go:234.60,238.2 3 1
pipedream/src/models/logger.go:240.85,245.2 4 1
pipedream/src/models/logger.go:247.61,251.2 3 1
pipedream/src/models/logger.go:253.86,258.2 4 1
pipedream/src/models/logger.go:260.61,264.2 3 1
pipedream/src/models/logger.go:266.86,271.2 4 1
pipedream/src/models/logger.go:273.51,275.2 1 1
pipedream/src/models/logger.go:277.51,279.2 1 1
pipedream/src/models/logger.go:280.50,282.2 1 1
pipedream/src/models/logger.go:283.50,285.2 1 1
pipedream/src/models/logger.go:287.51,289.2 1 1
pipedream/src/models/logger.go:291.49,294.2 2 1
pipedream/src/models/logger.go:296.50,299.2 2 1
pipedream/src/models/logger.go:301.52,302.54 1 1
pipedream/src/models/logger.go:305.2,305.61 1 1
pipedream/src/models/logger.go:302.54,304.3 1 1
pipedream/src/models/logger.go:308.62,310.52 2 1
pipedream/src/models/logger.go:313.2,313.15 1 1
pipedream/src/models/logger.go:310.52,312.3 1 1
pipedream/src/models/logger.go:316.53,318.12 2 1
pipedream/src/models/logger.go:329.2,329.19 1 1
pipedream/src/models/logger.go:318.12,321.17 3 1
pipedream/src/models/logger.go:324.3,325.17 2 1
pipedream/src/models/logger.go:321.17,322.14 1 0
pipedream/src/models/logger.go:325.17,326.14 1 0
pipedream/src/models/pipeline_definition.go:18.23,25.2 1 1
pipedream/src/models/pipeline_definition.go:27.135,29.38 2 1
pipedream/src/models/pipeline_definition.go:32.2,32.38 1 1
pipedream/src/models/pipeline_definition.go:40.2,40.15 1 1
pipedream/src/models/pipeline_definition.go:29.38,31.3 1 1
pipedream/src/models/pipeline_definition.go:32.38,33.55 1 1
pipedream/src/models/pipeline_definition.go:33.55,35.4 1 1
pipedream/src/models/pipeline_definition.go:35.9,37.4 1 1
pipedream/src/models/pipeline_run.go:70.25,72.23 2 1
pipedream/src/models/pipeline_run.go:79.2,102.19 2 1
pipedream/src/models/pipeline_run.go:109.2,109.35 1 1
pipedream/src/models/pipeline_run.go:112.2,116.17 4 1
pipedream/src/models/pipeline_run.go:72.23,74.17 2 1
pipedream/src/models/pipeline_run.go:74.17,76.4 1 1
pipedream/src/models/pipeline_run.go:102.19,104.3 1 1
pipedream/src/models/pipeline_run.go:104.8,107.3 2 1
pipedream/src/models/pipeline_run.go:109.35,111.3 1 0
pipedream/src/models/pipeline_run.go:119.33,122.16 3 1
pipedream/src/models/pipeline_run.go:125.2,138.12 7 1
pipedream/src/models/pipeline_run.go:122.16,124.3 1 1
pipedream/src/models/pipeline_run.go:138.12,161.3 9 1
pipedream/src/models/pipeline_run.go:164.32,171.2 5 1
pipedream/src/models/pipeline_run.go:173.42,175.2 1 1
pipedream/src/models/pipeline_run.go:177.41,181.16 4 1
pipedream/src/models/pipeline_run.go:186.2,186.59 1 1
pipedream/src/models/pipeline_run.go:190.2,190.32 1 1
pipedream/src/models/pipeline_run.go:194.2,195.19 2 1
pipedream/src/models/pipeline_run.go:210.2,210.39 1 1
pipedream/src/models/pipeline_run.go:181.16,182.92 1 1
pipedream/src/models/pipeline_run.go:182.92,184.4 1 1
pipedream/src/models/pipeline_run.go:186.59,189.3 2 1
pipedream/src/models/pipeline_run.go:190.32,193.3 2 1
pipedream/src/models/pipeline_run.go:195.19,196.26 1 1
pipedream/src/models/pipeline_run.go:199.3,199.27 1 1
pipedream/src/models/pipeline_run.go:202.3,202.27 1 1
pipedream/src/models/pipeline_run.go:205.3,206.26 2 1
pipedream/src/models/pipeline_run.go:196.26,198.4 1 1
pipedream/src/models/pipeline_run.go:199.27,201.4 1 1
pipedream/src/models/pipeline_run.go:202.27,204.4 1 1
pipedream/src/models/pipeline_run.go:206.26,208.4 1 1
pipedream/src/models/pipeline_run.go:213.64,217.2 3 1
pipedream/src/models/pipeline_run.go:219.77,223.2 3 1
pipedream/src/models/pipeline_run.go:225.93,229.16 4 1
pipedream/src/models/pipeline_run.go:233.2,233.23 1 1
pipedream/src/models/pipeline_run.go:229.16,231.3 1 1
pipedream/src/models/pipeline_run.go:233.23,235.3 1 1
pipedream/src/models/pipeline_run.go:235.8,237.3 1 1
pipedream/src/models/pipeline_run.go:240.68,244.2 3 1
pipedream/src/models/pipeline_run.go:246.84,251.2 4 1
pipedream/src/models/pipeline_run.go:253.64,255.2 1 0
pipedream/src/models/pipeline_run.go:257.40,260.45 3 0
pipedream/src/models/pipeline_run.go:263.2,263.25 1 0
pipedream/src/models/pipeline_run.go:260.45,262.3 1 0
pipedream/src/models/pipeline_run.go:266.42,268.2 1 0
pipedream/src/parsers/parser.go:19.94,20.30 1 1
pipedream/src/parsers/parser.go:20.30,22.3 1 1
pipedream/src/parsers/parser.go:25.99,26.30 1 1
pipedream/src/parsers/parser.go:26.30,28.3 1 1
pipedream/src/parsers/parser.go:31.121,32.30 1 0
pipedream/src/parsers/parser.go:32.30,34.3 1 0
pipedream/src/parsers/parser.go:37.49,42.76 2 1
pipedream/src/parsers/parser.go:45.2,45.38 1 1
pipedream/src/parsers/parser.go:48.2,48.15 1 1
pipedream/src/parsers/parser.go:42.76,44.3 1 1
pipedream/src/parsers/parser.go:45.38,47.3 1 1
pipedream/src/parsers/parser.go:56.3,63.60 3 1
pipedream/src/parsers/parser.go:94.2,94.8 1 1
pipedream/src/parsers/parser.go:63.60,65.17 2 1
pipedream/src/parsers/parser.go:69.3,73.17 3 1
pipedream/src/parsers/parser.go:78.3,80.63 2 1
pipedream/src/parsers/parser.go:88.3,88.29 1 1
pipedream/src/parsers/parser.go:92.3,92.38 1 1
pipedream/src/parsers/parser.go:65.17,68.4 2 1
pipedream/src/parsers/parser.go:73.17,76.4 2 1
pipedream/src/parsers/parser.go:80.63,81.69 1 1
pipedream/src/parsers/parser.go:81.69,83.5 1 1
pipedream/src/parsers/parser.go:83.10,85.5 1 1
pipedream/src/parsers/parser.go:88.29,90.4 1 1
pipedream/src/parsers/parser.go:100.36,103.63 2 1
pipedream/src/parsers/parser.go:107.2,107.64 1 1
pipedream/src/parsers/parser.go:115.2,115.28 1 1
pipedream/src/parsers/parser.go:103.63,106.3 2 1
pipedream/src/parsers/parser.go:107.64,109.77 2 1
pipedream/src/parsers/parser.go:109.77,111.4 1 1
pipedream/src/parsers/parser.go:111.9,113.4 1 1
pipedream/src/parsers/pipelines.go:11.86,13.16 2 1
pipedream/src/parsers/pipelines.go:24.2,26.16 3 1
pipedream/src/parsers/pipelines.go:29.2,29.23 1 1
pipedream/src/parsers/pipelines.go:32.2,32.21 1 0
pipedream/src/parsers/pipelines.go:13.16,14.45 1 1
pipedream/src/parsers/pipelines.go:14.45,15.37 1 1
pipedream/src/parsers/pipelines.go:15.37,17.5 1 1
pipedream/src/parsers/pipelines.go:17.10,19.5 1 0
pipedream/src/parsers/pipelines.go:20.9,22.4 1 0
pipedream/src/parsers/pipelines.go:26.16,28.3 1 1
pipedream/src/parsers/pipelines.go:29.23,31.3 1 1
pipedream/src/parsers/pipelines.go:35.78,37.20 2 1
pipedream/src/parsers/pipelines.go:51.2,51.31 1 1
pipedream/src/parsers/pipelines.go:37.20,40.22 3 1
pipedream/src/parsers/pipelines.go:43.3,43.62 1 1
pipedream/src/parsers/pipelines.go:40.22,42.4 1 1
pipedream/src/parsers/pipelines.go:44.8,46.17 2 1
pipedream/src/parsers/pipelines.go:49.3,49.30 1 1
pipedream/src/parsers/pipelines.go:46.17,48.4 1 1
pipedream/src/parsers/imports.go:10.121,14.48 3 1
pipedream/src/parsers/imports.go:32.2,33.34 2 1
pipedream/src/parsers/imports.go:36.2,36.32 1 1
pipedream/src/parsers/imports.go:14.48,16.17 2 1
pipedream/src/parsers/imports.go:19.3,21.17 3 1
pipedream/src/parsers/imports.go:24.3,24.60 1 1
pipedream/src/parsers/imports.go:16.17,18.4 1 1
pipedream/src/parsers/imports.go:21.17,23.4 1 1
pipedream/src/parsers/imports.go:24.60,26.89 2 1
pipedream/src/parsers/imports.go:26.89,28.5 1 1
pipedream/src/parsers/imports.go:33.34,35.3 1 1
pipedream/src/run/run.go:24.43,35.16 6 1
pipedream/src/run/run.go:40.2,41.16 2 1
pipedream/src/run/run.go:45.2,47.56 2 1
pipedream/src/run/run.go:35.16,38.3 2 1
pipedream/src/run/run.go:41.16,44.3 2 1
pipedream/src/run/select.go:13.178,14.20 1 1
pipedream/src/run/select.go:18.2,19.53 2 1
pipedream/src/run/select.go:22.2,22.29 1 1
pipedream/src/run/select.go:26.2,27.49 2 1
pipedream/src/run/select.go:34.2,43.16 2 1
pipedream/src/run/select.go:47.2,47.72 1 1
pipedream/src/run/select.go:14.20,16.3 1 0
pipedream/src/run/select.go:19.53,21.3 1 1
pipedream/src/run/select.go:22.29,24.3 1 1
pipedream/src/run/select.go:27.49,29.17 2 1
pipedream/src/run/select.go:29.17,31.4 1 1
pipedream/src/run/select.go:43.16,45.3 1 1
pipedream/src/run/select.go:55.27,57.53 2 1
pipedream/src/run/select.go:61.2,62.16 2 1
pipedream/src/run/select.go:65.2,68.54 3 1
pipedream/src/run/select.go:71.2,73.24 2 1
pipedream/src/run/select.go:77.2,77.35 1 1
pipedream/src/run/select.go:81.2,83.61 3 1
pipedream/src/run/select.go:90.2,99.16 2 1
pipedream/src/run/select.go:103.2,103.69 1 1
pipedream/src/run/select.go:57.53,59.3 1 1
pipedream/src/run/select.go:62.16,64.3 1 1
pipedream/src/run/select.go:68.54,70.3 1 1
pipedream/src/run/select.go:73.24,75.3 1 0
pipedream/src/run/select.go:77.35,79.3 1 1
pipedream/src/run/select.go:83.61,85.57 2 1
pipedream/src/run/select.go:85.57,87.4 1 1
pipedream/src/run/select.go:99.16,101.3 1 1
